{
    "QC_shortreads": {
        "content": [
            [
                "fastqc/test_minigut_run0_raw_1_fastqc.html",
                "fastqc/test_minigut_run0_raw_2_fastqc.html",
                "fastqc/test_minigut_run0_trimmed_1_fastqc.html",
                "fastqc/test_minigut_run0_trimmed_2_fastqc.html",
                "fastqc/test_minigut_sample2_run0_raw_1_fastqc.html",
                "fastqc/test_minigut_sample2_run0_raw_2_fastqc.html",
                "fastqc/test_minigut_sample2_run0_trimmed_1_fastqc.html",
                "fastqc/test_minigut_sample2_run0_trimmed_2_fastqc.html",
                "remove_phix/test_minigut_run0_phix_removed.bowtie2.log",
                "remove_phix/test_minigut_sample2_run0_phix_removed.bowtie2.log"
            ],
            [
                "test_minigut_run0_raw_1_fastqc.html:md5,58cc7ac211d257e8404bb82b45c9a1e3",
                "test_minigut_run0_raw_2_fastqc.html:md5,3cde33031d294f05afa835f79f318aae",
                "test_minigut_run0_trimmed_1_fastqc.html:md5,b5595a105019b33f47351e57a0a09754",
                "test_minigut_run0_trimmed_2_fastqc.html:md5,d714bc7420a24d712a5f4efdedc8f52d",
                "test_minigut_sample2_run0_raw_1_fastqc.html:md5,75786def5ccf2bebfe21944ee2551b3d",
                "test_minigut_sample2_run0_raw_2_fastqc.html:md5,70325e008072f20446e90f56e65bde3d",
                "test_minigut_sample2_run0_trimmed_1_fastqc.html:md5,8369f51d5c9729af3eed249e0491e48a",
                "test_minigut_sample2_run0_trimmed_2_fastqc.html:md5,87a40453f809775a4f272082405f3382",
                "test_minigut_run0_phix_removed.bowtie2.log:md5,4f10d4bc2b3f0be722807bbf16659621",
                "test_minigut_sample2_run0_phix_removed.bowtie2.log:md5,f1530d72fd5626bb98c60400b294dc18"
            ]
        ],
        "meta": {
            "nf-test": "0.9.2",
            "nextflow": "25.04.3"
        },
        "timestamp": "2025-06-18T10:34:10.171243339"
    },
    "-profile test_minimal": {
        "content": [
            8,
            {
                "BOWTIE2_PHIX_REMOVAL_ALIGN": {
                    "bowtie2": "2.4.2"
                },
                "FASTQC_RAW": {
                    "fastqc": "0.12.1"
                },
                "FASTQC_TRIMMED": {
                    "fastqc": "0.12.1"
                },
                "Workflow": {
                    "nf-core/mag": "v4.1.0dev"
                }
            }
        ],
        "meta": {
            "nf-test": "0.9.2",
            "nextflow": "25.04.3"
        },
        "timestamp": "2025-06-12T09:58:29.858389008"
    },
    "multiqc": {
        "content": [
            [
                "multiqc_data/bowtie2_pe_plot.yaml",
                "multiqc_data/fastqc-1-status-check-heatmap.yaml",
                "multiqc_data/fastqc-1_per_base_n_content_plot.yaml",
                "multiqc_data/fastqc-1_per_base_sequence_quality_plot.yaml",
                "multiqc_data/fastqc-1_per_sequence_gc_content_plot_Counts.yaml",
                "multiqc_data/fastqc-1_per_sequence_gc_content_plot_Percentages.yaml",
                "multiqc_data/fastqc-1_per_sequence_quality_scores_plot.yaml",
                "multiqc_data/fastqc-1_sequence_counts_plot.yaml",
                "multiqc_data/fastqc-1_sequence_duplication_levels_plot.yaml",
                "multiqc_data/fastqc-1_top_overrepresented_sequences_table.yaml",
                "multiqc_data/fastqc-status-check-heatmap.yaml",
                "multiqc_data/fastqc_per_base_n_content_plot.yaml",
                "multiqc_data/fastqc_per_base_sequence_quality_plot.yaml",
                "multiqc_data/fastqc_per_sequence_gc_content_plot_Counts.yaml",
                "multiqc_data/fastqc_per_sequence_gc_content_plot_Percentages.yaml",
                "multiqc_data/fastqc_per_sequence_quality_scores_plot.yaml",
                "multiqc_data/fastqc_sequence_counts_plot.yaml",
                "multiqc_data/fastqc_sequence_duplication_levels_plot.yaml",
                "multiqc_data/fastqc_top_overrepresented_sequences_table.yaml",
                "multiqc_data/multiqc.log",
                "multiqc_data/multiqc_bowtie2.yaml",
                "multiqc_data/multiqc_citations.yaml",
                "multiqc_data/multiqc_data.json",
                "multiqc_data/multiqc_fastqc.yaml",
                "multiqc_data/multiqc_fastqc_1.yaml",
                "multiqc_data/multiqc_general_stats.yaml",
                "multiqc_data/multiqc_software_versions.yaml",
                "multiqc_data/multiqc_sources.yaml",
                "multiqc_plots/pdf/bowtie2_pe_plot-cnt.pdf",
                "multiqc_plots/pdf/bowtie2_pe_plot-pct.pdf",
                "multiqc_plots/pdf/fastqc-1-status-check-heatmap.pdf",
                "multiqc_plots/pdf/fastqc-1_per_base_n_content_plot.pdf",
                "multiqc_plots/pdf/fastqc-1_per_base_sequence_quality_plot.pdf",
                "multiqc_plots/pdf/fastqc-1_per_sequence_gc_content_plot_Counts.pdf",
                "multiqc_plots/pdf/fastqc-1_per_sequence_gc_content_plot_Percentages.pdf",
                "multiqc_plots/pdf/fastqc-1_per_sequence_quality_scores_plot.pdf",
                "multiqc_plots/pdf/fastqc-1_sequence_counts_plot-cnt.pdf",
                "multiqc_plots/pdf/fastqc-1_sequence_counts_plot-pct.pdf",
                "multiqc_plots/pdf/fastqc-1_sequence_duplication_levels_plot.pdf",
                "multiqc_plots/pdf/fastqc-1_top_overrepresented_sequences_table.pdf",
                "multiqc_plots/pdf/fastqc-status-check-heatmap.pdf",
                "multiqc_plots/pdf/fastqc_per_base_n_content_plot.pdf",
                "multiqc_plots/pdf/fastqc_per_base_sequence_quality_plot.pdf",
                "multiqc_plots/pdf/fastqc_per_sequence_gc_content_plot_Counts.pdf",
                "multiqc_plots/pdf/fastqc_per_sequence_gc_content_plot_Percentages.pdf",
                "multiqc_plots/pdf/fastqc_per_sequence_quality_scores_plot.pdf",
                "multiqc_plots/pdf/fastqc_sequence_counts_plot-cnt.pdf",
                "multiqc_plots/pdf/fastqc_sequence_counts_plot-pct.pdf",
                "multiqc_plots/pdf/fastqc_sequence_duplication_levels_plot.pdf",
                "multiqc_plots/pdf/fastqc_top_overrepresented_sequences_table.pdf",
                "multiqc_plots/pdf/general_stats_table.pdf",
                "multiqc_plots/png/bowtie2_pe_plot-cnt.png",
                "multiqc_plots/png/bowtie2_pe_plot-pct.png",
                "multiqc_plots/png/fastqc-1-status-check-heatmap.png",
                "multiqc_plots/png/fastqc-1_per_base_n_content_plot.png",
                "multiqc_plots/png/fastqc-1_per_base_sequence_quality_plot.png",
                "multiqc_plots/png/fastqc-1_per_sequence_gc_content_plot_Counts.png",
                "multiqc_plots/png/fastqc-1_per_sequence_gc_content_plot_Percentages.png",
                "multiqc_plots/png/fastqc-1_per_sequence_quality_scores_plot.png",
                "multiqc_plots/png/fastqc-1_sequence_counts_plot-cnt.png",
                "multiqc_plots/png/fastqc-1_sequence_counts_plot-pct.png",
                "multiqc_plots/png/fastqc-1_sequence_duplication_levels_plot.png",
                "multiqc_plots/png/fastqc-1_top_overrepresented_sequences_table.png",
                "multiqc_plots/png/fastqc-status-check-heatmap.png",
                "multiqc_plots/png/fastqc_per_base_n_content_plot.png",
                "multiqc_plots/png/fastqc_per_base_sequence_quality_plot.png",
                "multiqc_plots/png/fastqc_per_sequence_gc_content_plot_Counts.png",
                "multiqc_plots/png/fastqc_per_sequence_gc_content_plot_Percentages.png",
                "multiqc_plots/png/fastqc_per_sequence_quality_scores_plot.png",
                "multiqc_plots/png/fastqc_sequence_counts_plot-cnt.png",
                "multiqc_plots/png/fastqc_sequence_counts_plot-pct.png",
                "multiqc_plots/png/fastqc_sequence_duplication_levels_plot.png",
                "multiqc_plots/png/fastqc_top_overrepresented_sequences_table.png",
                "multiqc_plots/png/general_stats_table.png",
                "multiqc_plots/svg/bowtie2_pe_plot-cnt.svg",
                "multiqc_plots/svg/bowtie2_pe_plot-pct.svg",
                "multiqc_plots/svg/fastqc-1-status-check-heatmap.svg",
                "multiqc_plots/svg/fastqc-1_per_base_n_content_plot.svg",
                "multiqc_plots/svg/fastqc-1_per_base_sequence_quality_plot.svg",
                "multiqc_plots/svg/fastqc-1_per_sequence_gc_content_plot_Counts.svg",
                "multiqc_plots/svg/fastqc-1_per_sequence_gc_content_plot_Percentages.svg",
                "multiqc_plots/svg/fastqc-1_per_sequence_quality_scores_plot.svg",
                "multiqc_plots/svg/fastqc-1_sequence_counts_plot-cnt.svg",
                "multiqc_plots/svg/fastqc-1_sequence_counts_plot-pct.svg",
                "multiqc_plots/svg/fastqc-1_sequence_duplication_levels_plot.svg",
                "multiqc_plots/svg/fastqc-1_top_overrepresented_sequences_table.svg",
                "multiqc_plots/svg/fastqc-status-check-heatmap.svg",
                "multiqc_plots/svg/fastqc_per_base_n_content_plot.svg",
                "multiqc_plots/svg/fastqc_per_base_sequence_quality_plot.svg",
                "multiqc_plots/svg/fastqc_per_sequence_gc_content_plot_Counts.svg",
                "multiqc_plots/svg/fastqc_per_sequence_gc_content_plot_Percentages.svg",
                "multiqc_plots/svg/fastqc_per_sequence_quality_scores_plot.svg",
                "multiqc_plots/svg/fastqc_sequence_counts_plot-cnt.svg",
                "multiqc_plots/svg/fastqc_sequence_counts_plot-pct.svg",
                "multiqc_plots/svg/fastqc_sequence_duplication_levels_plot.svg",
                "multiqc_plots/svg/fastqc_top_overrepresented_sequences_table.svg",
                "multiqc_plots/svg/general_stats_table.svg",
                "multiqc_report.html"
            ],
            [
                "bowtie2_pe_plot-cnt.png:md5,8ceca1e6db48a5e216f922ae3da359c0",
                "bowtie2_pe_plot-pct.png:md5,6f1eb829fdd4868237ce3f367fbfd09e",
                "fastqc-1-status-check-heatmap.png:md5,4d0d583c0a8e04d0f2901e4cdfac7bd3",
                "fastqc-1_per_base_n_content_plot.png:md5,dec70e84e1980f57b8b1b6a56afe6fd8",
                "fastqc-1_per_base_sequence_quality_plot.png:md5,c0b48453b9ee52d17b04809075f9c4ee",
                "fastqc-1_per_sequence_gc_content_plot_Counts.png:md5,5a3add612359708228bf9f28210cdd22",
                "fastqc-1_per_sequence_gc_content_plot_Percentages.png:md5,b3efabc362cf45df24b1209bdd148fd2",
                "fastqc-1_per_sequence_quality_scores_plot.png:md5,98b347d26d7963c988abe7ae2245d413",
                "fastqc-1_sequence_counts_plot-cnt.png:md5,a8f439dcd4dba9d7218eb0e3645b4180",
                "fastqc-1_sequence_counts_plot-pct.png:md5,18cd8fc51925ae70431d87c76d5f19c2",
                "fastqc-1_sequence_duplication_levels_plot.png:md5,336cc2a932f4cf19630501684683c953",
                "fastqc-1_top_overrepresented_sequences_table.png:md5,5905f81842123dabc950e0f183f80725",
                "fastqc-status-check-heatmap.png:md5,4e3dcb4b1cfce370624e0f5311240d07",
                "fastqc_per_base_n_content_plot.png:md5,dec70e84e1980f57b8b1b6a56afe6fd8",
                "fastqc_per_base_sequence_quality_plot.png:md5,c0b48453b9ee52d17b04809075f9c4ee",
                "fastqc_per_sequence_gc_content_plot_Counts.png:md5,5a3add612359708228bf9f28210cdd22",
                "fastqc_per_sequence_gc_content_plot_Percentages.png:md5,b3efabc362cf45df24b1209bdd148fd2",
                "fastqc_per_sequence_quality_scores_plot.png:md5,98b347d26d7963c988abe7ae2245d413",
                "fastqc_sequence_counts_plot-cnt.png:md5,d0e7a0d158302c8f0e0045946bb7c615",
                "fastqc_sequence_counts_plot-pct.png:md5,5469ca20367a8046778f73f8904aaf3a",
                "fastqc_sequence_duplication_levels_plot.png:md5,336cc2a932f4cf19630501684683c953",
                "fastqc_top_overrepresented_sequences_table.png:md5,5905f81842123dabc950e0f183f80725"
            ]
        ],
        "meta": {
            "nf-test": "0.9.2",
            "nextflow": "25.04.3"
        },
        "timestamp": "2025-06-12T11:43:17.360008349"
    }
}